[GIN-debug] [WARNING] Creating an Engine instance with the Logger and Recovery middleware already attached.

[GIN-debug] [WARNING] Running in "debug" mode. Switch to "release" mode in production.
 - using env:	export GIN_MODE=release
 - using code:	gin.SetMode(gin.ReleaseMode)

[GIN-debug] GET    /v1/health                --> scriptsmith/internal/handler.(*ScriptHandler).HealthCheck-fm (4 handlers)
[GIN-debug] POST   /v1/auth/register         --> scriptsmith/internal/handler.(*AuthHandler).Register-fm (4 handlers)
[GIN-debug] POST   /v1/auth/login            --> scriptsmith/internal/handler.(*AuthHandler).Login-fm (4 handlers)
[GIN-debug] POST   /v1/auth/refresh          --> scriptsmith/internal/handler.(*AuthHandler).Refresh-fm (4 handlers)
[GIN-debug] GET    /v1/auth/me               --> scriptsmith/internal/handler.(*AuthHandler).Me-fm (5 handlers)
[GIN-debug] POST   /v1/auth/logout           --> scriptsmith/internal/handler.(*AuthHandler).Logout-fm (5 handlers)
[GIN-debug] POST   /v1/convert               --> scriptsmith/internal/handler.(*ScriptHandler).Convert-fm (5 handlers)
[GIN-debug] GET    /v1/task/:id              --> scriptsmith/internal/handler.(*ScriptHandler).GetTask-fm (5 handlers)
[GIN-debug] DELETE /v1/task/:id              --> scriptsmith/internal/handler.(*ScriptHandler).CancelTask-fm (5 handlers)
[GIN-debug] GET    /v1/script/:id            --> scriptsmith/internal/handler.(*ScriptHandler).GetScript-fm (5 handlers)
[GIN-debug] GET    /v1/script/:id/characters --> scriptsmith/internal/handler.(*ScriptHandler).GetCharacters-fm (5 handlers)
[GIN-debug] GET    /v1/script/:id/scenes     --> scriptsmith/internal/handler.(*ScriptHandler).GetScenes-fm (5 handlers)
[GIN-debug] GET    /v1/scripts/by-task/:taskID --> scriptsmith/internal/handler.(*ScriptHandler).GetScriptByTaskID-fm (5 handlers)
[GIN-debug] GET    /v1/scripts/:scriptID     --> scriptsmith/internal/handler.(*ScriptHandler).GetStructuredScript-fm (5 handlers)
[GIN-debug] GET    /v1/scripts/:scriptID/yaml --> scriptsmith/internal/handler.(*ScriptHandler).ExportYAML-fm (5 handlers)
[GIN-debug] PUT    /v1/scripts/:scriptID     --> scriptsmith/internal/handler.(*ScriptHandler).SaveScript-fm (5 handlers)
[GIN-debug] POST   /v1/scripts/:scriptID/summary --> scriptsmith/internal/handler.(*ScriptHandler).GenerateSummary-fm (5 handlers)
[GIN-debug] POST   /v1/scripts/:scriptID/characters/appearance --> scriptsmith/internal/handler.(*ScriptHandler).GenerateCharacterAppearances-fm (5 handlers)
[GIN-debug] POST   /v1/scripts/:scriptID/scenes/environment --> scriptsmith/internal/handler.(*ScriptHandler).GenerateSceneEnvironments-fm (5 handlers)
[GIN-debug] PUT    /v1/scripts/:scriptID/scenes/:sceneID --> scriptsmith/internal/handler.(*ScriptHandler).UpdateScene-fm (5 handlers)
[GIN-debug] PUT    /v1/scripts/:scriptID/contents/:contentID --> scriptsmith/internal/handler.(*ScriptHandler).UpdateContent-fm (5 handlers)
[GIN-debug] POST   /v1/scripts/:scriptID/scenes/:sceneID/contents --> scriptsmith/internal/handler.(*ScriptHandler).AddContent-fm (5 handlers)
[GIN-debug] DELETE /v1/scripts/:scriptID/contents/:contentID --> scriptsmith/internal/handler.(*ScriptHandler).DeleteContent-fm (5 handlers)
[GIN-debug] DELETE /v1/scripts/:scriptID     --> scriptsmith/internal/handler.(*ScriptHandler).DeleteScript-fm (5 handlers)
[GIN-debug] POST   /v1/works                 --> scriptsmith/internal/handler.(*WorkHandler).CreateWork-fm (5 handlers)
[GIN-debug] GET    /v1/works                 --> scriptsmith/internal/handler.(*WorkHandler).ListWorks-fm (5 handlers)
[GIN-debug] GET    /v1/works/stats           --> scriptsmith/internal/handler.(*WorkHandler).GetStats-fm (5 handlers)
[GIN-debug] GET    /v1/works/count           --> scriptsmith/internal/handler.(*WorkHandler).GetWorkCount-fm (5 handlers)
[GIN-debug] GET    /v1/works/:id             --> scriptsmith/internal/handler.(*WorkHandler).GetWork-fm (5 handlers)
[GIN-debug] PUT    /v1/works/:id             --> scriptsmith/internal/handler.(*WorkHandler).UpdateWork-fm (5 handlers)
[GIN-debug] DELETE /v1/works/:id             --> scriptsmith/internal/handler.(*WorkHandler).DeleteWork-fm (5 handlers)
[GIN-debug] POST   /v1/works/:id/characters/profiles --> scriptsmith/internal/handler.(*WorkHandler).GenerateCharacterProfiles-fm (5 handlers)
[GIN-debug] POST   /v1/works/:id/characters/:index/biography --> scriptsmith/internal/handler.(*WorkHandler).GenerateSingleCharacterBiography-fm (5 handlers)
[GIN-debug] PUT    /v1/works/:id/characters/:index --> scriptsmith/internal/handler.(*WorkHandler).UpdateCharacterProfile-fm (5 handlers)
[GIN-debug] GET    /v1/works/:id/scripts     --> scriptsmith/internal/handler.(*ScriptHandler).ListWorkScripts-fm (5 handlers)
[GIN-debug] POST   /v1/inspiration/articles  --> scriptsmith/internal/handler.(*InspirationHandler).CreateArticle-fm (5 handlers)
[GIN-debug] GET    /v1/inspiration/articles  --> scriptsmith/internal/handler.(*InspirationHandler).ListArticles-fm (5 handlers)
[GIN-debug] GET    /v1/inspiration/articles/:id --> scriptsmith/internal/handler.(*InspirationHandler).GetArticle-fm (5 handlers)
[GIN-debug] POST   /v1/inspiration/articles/:id/like --> scriptsmith/internal/handler.(*InspirationHandler).LikeArticle-fm (5 handlers)
[GIN-debug] POST   /v1/inspiration/generate  --> scriptsmith/internal/handler.(*InspirationHandler).GenerateArticle-fm (5 handlers)
[GIN-debug] GET    /v1/inspiration/topics    --> scriptsmith/internal/handler.(*InspirationHandler).ListTopics-fm (5 handlers)
[GIN-debug] GET    /v1/inspiration/topics/today --> scriptsmith/internal/handler.(*InspirationHandler).ListTodayTopics-fm (5 handlers)
[GIN-debug] POST   /v1/inspiration/topics    --> scriptsmith/internal/handler.(*InspirationHandler).CreateTopic-fm (5 handlers)
[GIN-debug] POST   /v1/ai/providers          --> scriptsmith/internal/handler.(*AIProviderHandler).Create-fm (5 handlers)
[GIN-debug] GET    /v1/ai/providers          --> scriptsmith/internal/handler.(*AIProviderHandler).List-fm (5 handlers)
[GIN-debug] PUT    /v1/ai/providers/:id      --> scriptsmith/internal/handler.(*AIProviderHandler).Update-fm (5 handlers)
[GIN-debug] DELETE /v1/ai/providers/:id      --> scriptsmith/internal/handler.(*AIProviderHandler).Delete-fm (5 handlers)
[GIN-debug] PUT    /v1/ai/providers/:id/default --> scriptsmith/internal/handler.(*AIProviderHandler).SetDefault-fm (5 handlers)
[GIN-debug] POST   /v1/ai/providers/:id/test --> scriptsmith/internal/handler.(*AIProviderHandler).Test-fm (5 handlers)
[GIN-debug] GET    /v1/admin/tasks           --> scriptsmith/internal/handler.(*ScriptHandler).AdminListTasks-fm (6 handlers)
[GIN-debug] [WARNING] You trusted all proxies, this is NOT safe. We recommend you to set a value.
Please check https://pkg.go.dev/github.com/gin-gonic/gin#readme-don-t-trust-all-proxies for details.
[GIN-debug] Listening and serving HTTP on :8080
